// Jest Snapshot v1, https://goo.gl/fbAQLP

exports[`Bookus renders correctly 1`] = `
<div
  className="bookus"
  style={
    {
      "margin": "auto",
      "padding": "6px",
      "paddingRight": "12px",
    }
  }
>
  <div
    style={
      {
        "maxWidth": "800px",
      }
    }
  >
    <h3
      style={
        {
          "textAlign": "center",
        }
      }
    >
      Book Us
    </h3>
    <h4
      style={
        {
          "fontWeight": "normal",
        }
      }
    >
      We are always looking for regional performance opportunites, and would consider traveling even further away from our home in Salem, VA for just the right situation.
      <button
        onClick={[Function]}
        size="small"
        style={
          {
            "marginLeft": "8px",
          }
        }
        variant="contained"
      >
        Current Songlist
      </button>
    </h4>
    <p
      style={
        {
          "textAlign": "center",
        }
      }
    >
      Please fill out this form and we will get back with you soon.
    </p>
    <div
      className="row form-row"
      style={
        {
          "border": "1px solid black",
          "margin": "auto",
        }
      }
    >
      <div
        className="contact-form"
      >
        <h4
          style={
            {
              "fontWeight": "bold",
              "marginBottom": "0",
              "marginTop": "10px",
              "paddingTop": 0,
              "textAlign": "center",
            }
          }
        />
        <form
          className="col"
          id="new-contact"
        >
          <table
            className="tableSection"
          >
            <tbody>
              <tr
                className="white-background"
              >
                <td
                  style={
                    {
                      "border": "none",
                      "padding": 0,
                    }
                  }
                >
                  <input
                    id="firstname"
                    name="firstname"
                    onChange={[Function]}
                    placeholder="* First Name"
                    type="text"
                    value=""
                  />
                </td>
                <td
                  style={
                    {
                      "border": "none",
                      "padding": "8px",
                    }
                  }
                >
                   
                </td>
                <td
                  style={
                    {
                      "border": "none",
                      "padding": 0,
                    }
                  }
                >
                  <input
                    id="lastname"
                    name="lastname"
                    onChange={[Function]}
                    placeholder="* Last Name"
                    type="text"
                    value=""
                  />
                </td>
              </tr>
              <tr
                className="white-background"
              >
                <td
                  style={
                    {
                      "border": "none",
                      "padding": "8px",
                    }
                  }
                >
                   
                </td>
              </tr>
              <tr
                className="white-background"
              >
                <td
                  style={
                    {
                      "border": "none",
                      "padding": 0,
                    }
                  }
                >
                  <input
                    id="emailaddress"
                    name="emailaddress"
                    onChange={[Function]}
                    placeholder="* Email Address"
                    type="email"
                    value=""
                  />
                </td>
                <td
                  style={
                    {
                      "border": "none",
                      "padding": "8px",
                    }
                  }
                >
                   
                </td>
                <td
                  className="phone"
                  style={
                    {
                      "border": "none",
                      "padding": 0,
                    }
                  }
                >
                   
                  <input
                    id="phonenumber"
                    name="phonenumber"
                    onChange={[Function]}
                    placeholder="* Phone Number"
                    type="tel"
                    value=""
                  />
                </td>
              </tr>
            </tbody>
          </table>
          <select
            disabled={true}
            id="country"
            multiple={false}
            onChange={[Function]}
            style={
              {
                "width": "100%",
              }
            }
            value="United States"
          >
            <option
              id="* Select Your Country"
              value="* Select Your Country"
            >
              * Select Your Country
            </option>
            <option
              id="Afghanistan"
              value="Afghanistan"
            >
              Afghanistan
            </option>
            <option
              id="Albania"
              value="Albania"
            >
              Albania
            </option>
            <option
              id="Algeria"
              value="Algeria"
            >
              Algeria
            </option>
            <option
              id="Andorra"
              value="Andorra"
            >
              Andorra
            </option>
            <option
              id="Angola"
              value="Angola"
            >
              Angola
            </option>
            <option
              id="Antigua & Deps"
              value="Antigua & Deps"
            >
              Antigua & Deps
            </option>
            <option
              id="Argentina"
              value="Argentina"
            >
              Argentina
            </option>
            <option
              id="Armenia"
              value="Armenia"
            >
              Armenia
            </option>
            <option
              id="Australia"
              value="Australia"
            >
              Australia
            </option>
            <option
              id="Austria"
              value="Austria"
            >
              Austria
            </option>
            <option
              id="Azerbaijan"
              value="Azerbaijan"
            >
              Azerbaijan
            </option>
            <option
              id="Bahamas"
              value="Bahamas"
            >
              Bahamas
            </option>
            <option
              id="Bahrain"
              value="Bahrain"
            >
              Bahrain
            </option>
            <option
              id="Bangladesh"
              value="Bangladesh"
            >
              Bangladesh
            </option>
            <option
              id="Barbados"
              value="Barbados"
            >
              Barbados
            </option>
            <option
              id="Belarus"
              value="Belarus"
            >
              Belarus
            </option>
            <option
              id="Belgium"
              value="Belgium"
            >
              Belgium
            </option>
            <option
              id="Belize"
              value="Belize"
            >
              Belize
            </option>
            <option
              id="Benin"
              value="Benin"
            >
              Benin
            </option>
            <option
              id="Bhutan"
              value="Bhutan"
            >
              Bhutan
            </option>
            <option
              id="Bolivia"
              value="Bolivia"
            >
              Bolivia
            </option>
            <option
              id="Bosnia Herzegovina"
              value="Bosnia Herzegovina"
            >
              Bosnia Herzegovina
            </option>
            <option
              id="Botswana"
              value="Botswana"
            >
              Botswana
            </option>
            <option
              id="Brazil"
              value="Brazil"
            >
              Brazil
            </option>
            <option
              id="Brunei"
              value="Brunei"
            >
              Brunei
            </option>
            <option
              id="Bulgaria"
              value="Bulgaria"
            >
              Bulgaria
            </option>
            <option
              id="Burkina"
              value="Burkina"
            >
              Burkina
            </option>
            <option
              id="Burundi"
              value="Burundi"
            >
              Burundi
            </option>
            <option
              id="Cambodia"
              value="Cambodia"
            >
              Cambodia
            </option>
            <option
              id="Cameroon"
              value="Cameroon"
            >
              Cameroon
            </option>
            <option
              id="Canada"
              value="Canada"
            >
              Canada
            </option>
            <option
              id="Cape Verde"
              value="Cape Verde"
            >
              Cape Verde
            </option>
            <option
              id="Central African Rep"
              value="Central African Rep"
            >
              Central African Rep
            </option>
            <option
              id="Chad"
              value="Chad"
            >
              Chad
            </option>
            <option
              id="Chile"
              value="Chile"
            >
              Chile
            </option>
            <option
              id="China"
              value="China"
            >
              China
            </option>
            <option
              id="Colombia"
              value="Colombia"
            >
              Colombia
            </option>
            <option
              id="Comoros"
              value="Comoros"
            >
              Comoros
            </option>
            <option
              id="Congo"
              value="Congo"
            >
              Congo
            </option>
            <option
              id="Congo (Democratic Rep)"
              value="Congo (Democratic Rep)"
            >
              Congo (Democratic Rep)
            </option>
            <option
              id="Costa Rica"
              value="Costa Rica"
            >
              Costa Rica
            </option>
            <option
              id="Croatia"
              value="Croatia"
            >
              Croatia
            </option>
            <option
              id="Cuba"
              value="Cuba"
            >
              Cuba
            </option>
            <option
              id="Cyprus"
              value="Cyprus"
            >
              Cyprus
            </option>
            <option
              id="Czech Republic"
              value="Czech Republic"
            >
              Czech Republic
            </option>
            <option
              id="Denmark"
              value="Denmark"
            >
              Denmark
            </option>
            <option
              id="Djibouti"
              value="Djibouti"
            >
              Djibouti
            </option>
            <option
              id="Dominica"
              value="Dominica"
            >
              Dominica
            </option>
            <option
              id="Dominican Republic"
              value="Dominican Republic"
            >
              Dominican Republic
            </option>
            <option
              id="East Timor"
              value="East Timor"
            >
              East Timor
            </option>
            <option
              id="Ecuador"
              value="Ecuador"
            >
              Ecuador
            </option>
            <option
              id="Egypt"
              value="Egypt"
            >
              Egypt
            </option>
            <option
              id="El Salvador"
              value="El Salvador"
            >
              El Salvador
            </option>
            <option
              id="Equatorial Guinea"
              value="Equatorial Guinea"
            >
              Equatorial Guinea
            </option>
            <option
              id="Eritrea"
              value="Eritrea"
            >
              Eritrea
            </option>
            <option
              id="Estonia"
              value="Estonia"
            >
              Estonia
            </option>
            <option
              id="Ethiopia"
              value="Ethiopia"
            >
              Ethiopia
            </option>
            <option
              id="Fiji"
              value="Fiji"
            >
              Fiji
            </option>
            <option
              id="Finland"
              value="Finland"
            >
              Finland
            </option>
            <option
              id="France"
              value="France"
            >
              France
            </option>
            <option
              id="Gabon"
              value="Gabon"
            >
              Gabon
            </option>
            <option
              id="Gambia"
              value="Gambia"
            >
              Gambia
            </option>
            <option
              id="Georgia"
              value="Georgia"
            >
              Georgia
            </option>
            <option
              id="Germany"
              value="Germany"
            >
              Germany
            </option>
            <option
              id="Ghana"
              value="Ghana"
            >
              Ghana
            </option>
            <option
              id="Greece"
              value="Greece"
            >
              Greece
            </option>
            <option
              id="Grenada"
              value="Grenada"
            >
              Grenada
            </option>
            <option
              id="Guatemala"
              value="Guatemala"
            >
              Guatemala
            </option>
            <option
              id="Guinea"
              value="Guinea"
            >
              Guinea
            </option>
            <option
              id="Guinea-Bissau"
              value="Guinea-Bissau"
            >
              Guinea-Bissau
            </option>
            <option
              id="Guyana"
              value="Guyana"
            >
              Guyana
            </option>
            <option
              id="Haiti"
              value="Haiti"
            >
              Haiti
            </option>
            <option
              id="Honduras"
              value="Honduras"
            >
              Honduras
            </option>
            <option
              id="Hungary"
              value="Hungary"
            >
              Hungary
            </option>
            <option
              id="Iceland"
              value="Iceland"
            >
              Iceland
            </option>
            <option
              id="India"
              value="India"
            >
              India
            </option>
            <option
              id="Indonesia"
              value="Indonesia"
            >
              Indonesia
            </option>
            <option
              id="Iran"
              value="Iran"
            >
              Iran
            </option>
            <option
              id="Iraq"
              value="Iraq"
            >
              Iraq
            </option>
            <option
              id="Ireland (Republic)"
              value="Ireland (Republic)"
            >
              Ireland (Republic)
            </option>
            <option
              id="Israel"
              value="Israel"
            >
              Israel
            </option>
            <option
              id="Italy"
              value="Italy"
            >
              Italy
            </option>
            <option
              id="Ivory Coast"
              value="Ivory Coast"
            >
              Ivory Coast
            </option>
            <option
              id="Jamaica"
              value="Jamaica"
            >
              Jamaica
            </option>
            <option
              id="Japan"
              value="Japan"
            >
              Japan
            </option>
            <option
              id="Jordan"
              value="Jordan"
            >
              Jordan
            </option>
            <option
              id="Kazakhstan"
              value="Kazakhstan"
            >
              Kazakhstan
            </option>
            <option
              id="Kenya"
              value="Kenya"
            >
              Kenya
            </option>
            <option
              id="Kiribati"
              value="Kiribati"
            >
              Kiribati
            </option>
            <option
              id="Kosovo"
              value="Kosovo"
            >
              Kosovo
            </option>
            <option
              id="Kuwait"
              value="Kuwait"
            >
              Kuwait
            </option>
            <option
              id="Kyrgyzstan"
              value="Kyrgyzstan"
            >
              Kyrgyzstan
            </option>
            <option
              id="Laos"
              value="Laos"
            >
              Laos
            </option>
            <option
              id="Latvia"
              value="Latvia"
            >
              Latvia
            </option>
            <option
              id="Lebanon"
              value="Lebanon"
            >
              Lebanon
            </option>
            <option
              id="Lesotho"
              value="Lesotho"
            >
              Lesotho
            </option>
            <option
              id="Liberia"
              value="Liberia"
            >
              Liberia
            </option>
            <option
              id="Libya"
              value="Libya"
            >
              Libya
            </option>
            <option
              id="Liechtenstein"
              value="Liechtenstein"
            >
              Liechtenstein
            </option>
            <option
              id="Lithuania"
              value="Lithuania"
            >
              Lithuania
            </option>
            <option
              id="Luxembourg"
              value="Luxembourg"
            >
              Luxembourg
            </option>
            <option
              id="Macedonia"
              value="Macedonia"
            >
              Macedonia
            </option>
            <option
              id="Madagascar"
              value="Madagascar"
            >
              Madagascar
            </option>
            <option
              id="Malawi"
              value="Malawi"
            >
              Malawi
            </option>
            <option
              id="Malaysia"
              value="Malaysia"
            >
              Malaysia
            </option>
            <option
              id="Maldives"
              value="Maldives"
            >
              Maldives
            </option>
            <option
              id="Mali"
              value="Mali"
            >
              Mali
            </option>
            <option
              id="Malta"
              value="Malta"
            >
              Malta
            </option>
            <option
              id="Marshall Islands"
              value="Marshall Islands"
            >
              Marshall Islands
            </option>
            <option
              id="Mauritania"
              value="Mauritania"
            >
              Mauritania
            </option>
            <option
              id="Mauritius"
              value="Mauritius"
            >
              Mauritius
            </option>
            <option
              id="Mexico"
              value="Mexico"
            >
              Mexico
            </option>
            <option
              id="Micronesia"
              value="Micronesia"
            >
              Micronesia
            </option>
            <option
              id="Moldova"
              value="Moldova"
            >
              Moldova
            </option>
            <option
              id="Monaco"
              value="Monaco"
            >
              Monaco
            </option>
            <option
              id="Mongolia"
              value="Mongolia"
            >
              Mongolia
            </option>
            <option
              id="Montenegro"
              value="Montenegro"
            >
              Montenegro
            </option>
            <option
              id="Morocco"
              value="Morocco"
            >
              Morocco
            </option>
            <option
              id="Mozambique"
              value="Mozambique"
            >
              Mozambique
            </option>
            <option
              id="Myanmar, (Burma)"
              value="Myanmar, (Burma)"
            >
              Myanmar, (Burma)
            </option>
            <option
              id="Namibia"
              value="Namibia"
            >
              Namibia
            </option>
            <option
              id="Nauru"
              value="Nauru"
            >
              Nauru
            </option>
            <option
              id="Nepal"
              value="Nepal"
            >
              Nepal
            </option>
            <option
              id="Netherlands"
              value="Netherlands"
            >
              Netherlands
            </option>
            <option
              id="New Zealand"
              value="New Zealand"
            >
              New Zealand
            </option>
            <option
              id="Nicaragua"
              value="Nicaragua"
            >
              Nicaragua
            </option>
            <option
              id="Niger"
              value="Niger"
            >
              Niger
            </option>
            <option
              id="Nigeria"
              value="Nigeria"
            >
              Nigeria
            </option>
            <option
              id="North Korea"
              value="North Korea"
            >
              North Korea
            </option>
            <option
              id="Norway"
              value="Norway"
            >
              Norway
            </option>
            <option
              id="Oman"
              value="Oman"
            >
              Oman
            </option>
            <option
              id="Pakistan"
              value="Pakistan"
            >
              Pakistan
            </option>
            <option
              id="Palau"
              value="Palau"
            >
              Palau
            </option>
            <option
              id="Panama"
              value="Panama"
            >
              Panama
            </option>
            <option
              id="Papua New Guinea"
              value="Papua New Guinea"
            >
              Papua New Guinea
            </option>
            <option
              id="Paraguay"
              value="Paraguay"
            >
              Paraguay
            </option>
            <option
              id="Peru"
              value="Peru"
            >
              Peru
            </option>
            <option
              id="Philippines"
              value="Philippines"
            >
              Philippines
            </option>
            <option
              id="Poland"
              value="Poland"
            >
              Poland
            </option>
            <option
              id="Portugal"
              value="Portugal"
            >
              Portugal
            </option>
            <option
              id="Qatar"
              value="Qatar"
            >
              Qatar
            </option>
            <option
              id="Romania"
              value="Romania"
            >
              Romania
            </option>
            <option
              id="Russian Federation"
              value="Russian Federation"
            >
              Russian Federation
            </option>
            <option
              id="Rwanda"
              value="Rwanda"
            >
              Rwanda
            </option>
            <option
              id="Saint Vincent & the Grenadines"
              value="Saint Vincent & the Grenadines"
            >
              Saint Vincent & the Grenadines
            </option>
            <option
              id="Samoa"
              value="Samoa"
            >
              Samoa
            </option>
            <option
              id="San Marino"
              value="San Marino"
            >
              San Marino
            </option>
            <option
              id="Sao Tome & Principe"
              value="Sao Tome & Principe"
            >
              Sao Tome & Principe
            </option>
            <option
              id="Saudi Arabia"
              value="Saudi Arabia"
            >
              Saudi Arabia
            </option>
            <option
              id="Senegal"
              value="Senegal"
            >
              Senegal
            </option>
            <option
              id="Serbia"
              value="Serbia"
            >
              Serbia
            </option>
            <option
              id="Seychelles"
              value="Seychelles"
            >
              Seychelles
            </option>
            <option
              id="Sierra Leone"
              value="Sierra Leone"
            >
              Sierra Leone
            </option>
            <option
              id="Singapore"
              value="Singapore"
            >
              Singapore
            </option>
            <option
              id="Slovakia"
              value="Slovakia"
            >
              Slovakia
            </option>
            <option
              id="Slovenia"
              value="Slovenia"
            >
              Slovenia
            </option>
            <option
              id="Solomon Islands"
              value="Solomon Islands"
            >
              Solomon Islands
            </option>
            <option
              id="Somalia"
              value="Somalia"
            >
              Somalia
            </option>
            <option
              id="South Africa"
              value="South Africa"
            >
              South Africa
            </option>
            <option
              id="South Korea"
              value="South Korea"
            >
              South Korea
            </option>
            <option
              id="South Sudan"
              value="South Sudan"
            >
              South Sudan
            </option>
            <option
              id="Spain"
              value="Spain"
            >
              Spain
            </option>
            <option
              id="Sri Lanka"
              value="Sri Lanka"
            >
              Sri Lanka
            </option>
            <option
              id="St Kitts & Nevis"
              value="St Kitts & Nevis"
            >
              St Kitts & Nevis
            </option>
            <option
              id="St Lucia"
              value="St Lucia"
            >
              St Lucia
            </option>
            <option
              id="Sudan"
              value="Sudan"
            >
              Sudan
            </option>
            <option
              id="Suriname"
              value="Suriname"
            >
              Suriname
            </option>
            <option
              id="Swaziland"
              value="Swaziland"
            >
              Swaziland
            </option>
            <option
              id="Sweden"
              value="Sweden"
            >
              Sweden
            </option>
            <option
              id="Switzerland"
              value="Switzerland"
            >
              Switzerland
            </option>
            <option
              id="Syria"
              value="Syria"
            >
              Syria
            </option>
            <option
              id="Taiwan"
              value="Taiwan"
            >
              Taiwan
            </option>
            <option
              id="Tajikistan"
              value="Tajikistan"
            >
              Tajikistan
            </option>
            <option
              id="Tanzania"
              value="Tanzania"
            >
              Tanzania
            </option>
            <option
              id="Thailand"
              value="Thailand"
            >
              Thailand
            </option>
            <option
              id="Togo"
              value="Togo"
            >
              Togo
            </option>
            <option
              id="Tonga"
              value="Tonga"
            >
              Tonga
            </option>
            <option
              id="Trinidad & Tobago"
              value="Trinidad & Tobago"
            >
              Trinidad & Tobago
            </option>
            <option
              id="Tunisia"
              value="Tunisia"
            >
              Tunisia
            </option>
            <option
              id="Turkey"
              value="Turkey"
            >
              Turkey
            </option>
            <option
              id="Turkmenistan"
              value="Turkmenistan"
            >
              Turkmenistan
            </option>
            <option
              id="Tuvalu"
              value="Tuvalu"
            >
              Tuvalu
            </option>
            <option
              id="Uganda"
              value="Uganda"
            >
              Uganda
            </option>
            <option
              id="Ukraine"
              value="Ukraine"
            >
              Ukraine
            </option>
            <option
              id="United Arab Emirates"
              value="United Arab Emirates"
            >
              United Arab Emirates
            </option>
            <option
              id="United Kingdom"
              value="United Kingdom"
            >
              United Kingdom
            </option>
            <option
              id="United States"
              value="United States"
            >
              United States
            </option>
            <option
              id="Uruguay"
              value="Uruguay"
            >
              Uruguay
            </option>
            <option
              id="Uzbekistan"
              value="Uzbekistan"
            >
              Uzbekistan
            </option>
            <option
              id="Vanuatu"
              value="Vanuatu"
            >
              Vanuatu
            </option>
            <option
              id="Vatican City"
              value="Vatican City"
            >
              Vatican City
            </option>
            <option
              id="Venezuela"
              value="Venezuela"
            >
              Venezuela
            </option>
            <option
              id="Vietnam"
              value="Vietnam"
            >
              Vietnam
            </option>
            <option
              id="Yemen"
              value="Yemen"
            >
              Yemen
            </option>
            <option
              id="Zambia"
              value="Zambia"
            >
              Zambia
            </option>
            <option
              id="Zimbabwe"
              value="Zimbabwe"
            >
              Zimbabwe
            </option>
          </select>
          <select
            disabled={false}
            id="state"
            multiple={false}
            onChange={[Function]}
          >
            <option
              id="* Select Your State"
              value="* Select Your State"
            >
              * Select Your State
            </option>
            <option
              id="Alabama"
              value="Alabama"
            >
              Alabama
            </option>
            <option
              id="Alaska"
              value="Alaska"
            >
              Alaska
            </option>
            <option
              id="American Samoa"
              value="American Samoa"
            >
              American Samoa
            </option>
            <option
              id="Arizona"
              value="Arizona"
            >
              Arizona
            </option>
            <option
              id="Arkansas"
              value="Arkansas"
            >
              Arkansas
            </option>
            <option
              id="California"
              value="California"
            >
              California
            </option>
            <option
              id="Colorado"
              value="Colorado"
            >
              Colorado
            </option>
            <option
              id="Connecticut"
              value="Connecticut"
            >
              Connecticut
            </option>
            <option
              id="Delaware"
              value="Delaware"
            >
              Delaware
            </option>
            <option
              id="District of Columbia"
              value="District of Columbia"
            >
              District of Columbia
            </option>
            <option
              id="Federated States of Micronesia"
              value="Federated States of Micronesia"
            >
              Federated States of Micronesia
            </option>
            <option
              id="Florida"
              value="Florida"
            >
              Florida
            </option>
            <option
              id="Georgia"
              value="Georgia"
            >
              Georgia
            </option>
            <option
              id="Guam"
              value="Guam"
            >
              Guam
            </option>
            <option
              id="Hawaii"
              value="Hawaii"
            >
              Hawaii
            </option>
            <option
              id="Idaho"
              value="Idaho"
            >
              Idaho
            </option>
            <option
              id="Illinois"
              value="Illinois"
            >
              Illinois
            </option>
            <option
              id="Indiana"
              value="Indiana"
            >
              Indiana
            </option>
            <option
              id="Iowa"
              value="Iowa"
            >
              Iowa
            </option>
            <option
              id="Kansas"
              value="Kansas"
            >
              Kansas
            </option>
            <option
              id="Kentucky"
              value="Kentucky"
            >
              Kentucky
            </option>
            <option
              id="Louisiana"
              value="Louisiana"
            >
              Louisiana
            </option>
            <option
              id="Maine"
              value="Maine"
            >
              Maine
            </option>
            <option
              id="Marshall Islands"
              value="Marshall Islands"
            >
              Marshall Islands
            </option>
            <option
              id="Maryland"
              value="Maryland"
            >
              Maryland
            </option>
            <option
              id="Massachusetts"
              value="Massachusetts"
            >
              Massachusetts
            </option>
            <option
              id="Michigan"
              value="Michigan"
            >
              Michigan
            </option>
            <option
              id="Minnesota"
              value="Minnesota"
            >
              Minnesota
            </option>
            <option
              id="Mississippi"
              value="Mississippi"
            >
              Mississippi
            </option>
            <option
              id="Missouri"
              value="Missouri"
            >
              Missouri
            </option>
            <option
              id="Montana"
              value="Montana"
            >
              Montana
            </option>
            <option
              id="Nebraska"
              value="Nebraska"
            >
              Nebraska
            </option>
            <option
              id="Nevada"
              value="Nevada"
            >
              Nevada
            </option>
            <option
              id="New Hampshire"
              value="New Hampshire"
            >
              New Hampshire
            </option>
            <option
              id="New Jersey"
              value="New Jersey"
            >
              New Jersey
            </option>
            <option
              id="New Mexico"
              value="New Mexico"
            >
              New Mexico
            </option>
            <option
              id="New York"
              value="New York"
            >
              New York
            </option>
            <option
              id="North Carolina"
              value="North Carolina"
            >
              North Carolina
            </option>
            <option
              id="North Dakota"
              value="North Dakota"
            >
              North Dakota
            </option>
            <option
              id="Northern Mariana Islands"
              value="Northern Mariana Islands"
            >
              Northern Mariana Islands
            </option>
            <option
              id="Ohio"
              value="Ohio"
            >
              Ohio
            </option>
            <option
              id="Oklahoma"
              value="Oklahoma"
            >
              Oklahoma
            </option>
            <option
              id="Oregon"
              value="Oregon"
            >
              Oregon
            </option>
            <option
              id="Palau"
              value="Palau"
            >
              Palau
            </option>
            <option
              id="Pennsylvania"
              value="Pennsylvania"
            >
              Pennsylvania
            </option>
            <option
              id="Puerto Rico"
              value="Puerto Rico"
            >
              Puerto Rico
            </option>
            <option
              id="Rhode Island"
              value="Rhode Island"
            >
              Rhode Island
            </option>
            <option
              id="South Carolina"
              value="South Carolina"
            >
              South Carolina
            </option>
            <option
              id="South Dakota"
              value="South Dakota"
            >
              South Dakota
            </option>
            <option
              id="Tennessee"
              value="Tennessee"
            >
              Tennessee
            </option>
            <option
              id="Texas"
              value="Texas"
            >
              Texas
            </option>
            <option
              id="Utah"
              value="Utah"
            >
              Utah
            </option>
            <option
              id="Vermont"
              value="Vermont"
            >
              Vermont
            </option>
            <option
              id="Virgin Island"
              value="Virgin Island"
            >
              Virgin Island
            </option>
            <option
              id="Virginia"
              value="Virginia"
            >
              Virginia
            </option>
            <option
              id="Washington"
              value="Washington"
            >
              Washington
            </option>
            <option
              id="West Virginia"
              value="West Virginia"
            >
              West Virginia
            </option>
            <option
              id="Wisconsin"
              value="Wisconsin"
            >
              Wisconsin
            </option>
            <option
              id="Wyoming"
              value="Wyoming"
            >
              Wyoming
            </option>
          </select>
          <p
            style={
              {
                "margin": 0,
              }
            }
          >
             
          </p>
          <input
            id="zipcode"
            name="zipcode"
            onChange={[Function]}
            placeholder="* Zipcode"
            style={
              {
                "width": "100%",
              }
            }
            type="text"
            value=""
          />
          <p
            style={
              {
                "margin": 0,
              }
            }
          >
             
          </p>
          <input
            className="comments"
            onChange={[Function]}
            placeholder="* Comments"
            style={
              {
                "height": "80px",
                "marginTop": "20px",
                "width": "100%",
              }
            }
          />
          <div
            className="inquiryValidation input-field col"
            style={
              {
                "marginBottom": "12px",
              }
            }
          >
            <span
              className="inquiryValidation"
            >
              * Required
            </span>
            <button
              disabled={true}
              id="sendEmailButton"
              onClick={[Function]}
              variant="contained"
            >
              Submit
            </button>
          </div>
        </form>
      </div>
    </div>
  </div>
</div>
`;
