// Jest Snapshot v1, https://goo.gl/fbAQLP

exports[`Homepage renders Homepage 1`] = `
<div>
  <div
    className="page-content narrowHome"
  >
    <div
      className="notWidescreen"
      style={
        {
          "marginTop": "1px",
        }
      }
    >
      <div
        id="slideshow"
      >
        <img
          alt="Web Jam Banner"
          src="../static/imgs/banner1.jpg"
        />
      </div>
      <div
        style={
          {
            "marginBottom": "-20px",
            "padding": "40px",
          }
        }
      >
        <p
          style={
            {
              "fontSize": "18px",
              "marginBottom": "40px",
              "marginTop": "0px",
            }
          }
        >
          Web Jam LLC helps businesses bring their web technologies into the 21st century! Let us help make your website mobile-friendly and grow your business by utilizing the power of online services. More information is available in our 
          <a
            href="https://www.dropbox.com/s/bzdqp3hr682y9sw/WebJamLLC_FactSheet.pdf?dl=0"
            rel="noopener noreferrer"
            target="_blank"
          >
            Fact Sheet
          </a>
          .
        </p>
        <div
          className="faqs"
        >
          <h3>
            FAQs
          </h3>
          <div
            className="qAnda"
          >
            <p>
              <span>
                Q: 
              </span>
              How can I contact you?
            </p>
            <p>
              <span>
                A: 
              </span>
              Send an email to Josh & Maria Sherman
              <br />
              <a
                href="mailto:web.jam.adm@gmail.com"
              >
                <strong>
                  web.jam.adm@gmail.com
                </strong>
              </a>
              <br />
              or call 
              <a
                href="tel:5404948035"
              >
                <strong>
                  540-494-8035
                </strong>
              </a>
            </p>
            <br />
            <p>
              <span>
                Q: 
              </span>
              What does Web Jam LLC do?
            </p>
            <p>
              <span>
                A: 
              </span>
              We provide mobile-friendly web technologies and services.
            </p>
            <br />
            <p>
              <span>
                Q: 
              </span>
              What is your mission statement?
            </p>
            <p>
              <span>
                A: 
              </span>
              To assist small businesses by refactoring their existing websites to be mobile-friendly, providing new online services, empowering business owners, and training staff to use these new services effectively.
            </p>
          </div>
        </div>
      </div>
    </div>
    <hr />
    <div
      className="notWidescreen"
    >
      <div
        className="material-content"
      >
        <h3
          style={
            {
              "marginBottom": "15px",
              "marginTop": "15px",
              "textAlign": "center",
            }
          }
        >
          Our Current Projects
        </h3>
        <div
          className="elevation2 project"
          style={
            {
              "minWidth": "313px",
            }
          }
        >
          <h4>
            College Lutheran Church
          </h4>
          <img
            alt="College Lutheran Church Homepage"
            src="https://dl.dropboxusercontent.com/s/354maifx0dkzt9s/Screenshot%20from%202019-02-22%2016-01-50.png?dl=0"
          />
          <br />
          <a
            href="https://www.collegelutheran.org"
            rel="noreferrer noopener"
            target="_blank"
          >
            Collegelutheran.org
          </a>
        </div>
        <p
          style={
            {
              "fontSize": "6pt",
              "marginBottom": "0",
            }
          }
        >
           
        </p>
        <div
          className="elevation2 project apperson"
        >
          <h4>
            Apperson Automotive
          </h4>
          <div>
            <img
              alt="Apperson Automotive Home Page"
              src="../static/imgs/AppersonAutomotive.png"
            />
            <br />
            <a
              href="https://www.appersonautomotive.com"
              rel="noreferrer noopener"
              target="_blank"
            >
              appersonautomotive.com
            </a>
          </div>
        </div>
      </div>
    </div>
    <p
      style={
        {
          "fontSize": "6pt",
          "marginBottom": "0",
        }
      }
    >
       
    </p>
    <div
      className="notWidescreen"
      style={
        {
          "margin": "auto",
          "maxWidth": "300px",
        }
      }
    >
      <iframe
        allow="encrypted-media"
        className="notWideScreen"
        height="300"
        scrolling="none"
        src="https://www.facebook.com/plugins/page.php?href=https%3A%2F%2Fwww.facebook.com%2FWebJamLLC%2F&tabs=timeline&width=300&height=500&small_header=true&adapt_container_width=true&hide_cover=false&show_facepile=true&appId=2207148322688942"
        style={
          {
            "border": "none",
            "overflow": "hidden",
          }
        }
        title="facebook ticker"
        width="300"
      />
    </div>
    <p
      style={
        {
          "fontSize": "6pt",
          "marginBottom": "0",
        }
      }
    >
       
    </p>
  </div>
</div>
`;
